[projectsiot.xyz/IoTProjects/walkstick/view.html]
[backblue.gif]
[fade.gif]
[index.html]
[projectsiot.xyz/IoTProjects/walkstick/img/aam.jpg]
[projectsiot.xyz/IoTProjects/walkstick/lib/jquery/jquery.min.js]
[projectsiot.xyz/IoTProjects/walkstick/lib/jquery/jquery-migrate.min.js]
[projectsiot.xyz/IoTProjects/walkstick/lib/bootstrap/js/bootstrap.bundle.min.js]
[projectsiot.xyz/IoTProjects/walkstick/lib/superfish/hoverIntent.js]
[projectsiot.xyz/IoTProjects/walkstick/lib/superfish/superfish.min.js]
[projectsiot.xyz/IoTProjects/walkstick/lib/easing/easing.min.js]
[projectsiot.xyz/IoTProjects/walkstick/lib/modal-video/js/modal-video.js]
[projectsiot.xyz/IoTProjects/walkstick/lib/owlcarousel/owl.carousel.min.js]
[projectsiot.xyz/IoTProjects/walkstick/lib/wow/wow.min.js]
[projectsiot.xyz/IoTProjects/walkstick/contactform/contactform.js]
[projectsiot.xyz/IoTProjects/walkstick/js/main.js]
[projectsiot.xyz/IoTProjects/walkstick/view.html]
[projectsiot.xyz/IoTProjects/walkstick/'/IoTProjects/walkstick/view.html]
[projectsiot.xyz/IoTProjects/walkstick/lib/bootstrap/css/bootstrap.min.css]
[projectsiot.xyz/IoTProjects/walkstick/lib/owlcarousel/assets/owl.video.play.png]
[projectsiot.xyz/IoTProjects/walkstick/lib/owlcarousel/assets/owl.carousel.min.css]
[projectsiot.xyz/IoTProjects/walkstick/lib/owlcarousel/assets/owl.theme.default.min.css]
[projectsiot.xyz/IoTProjects/walkstick/lib/font-awesome/fonts/fontawesome-webfont3e6e.eot]
[projectsiot.xyz/IoTProjects/walkstick/lib/font-awesome/fonts/fontawesome-webfontd41d.eot]
[projectsiot.xyz/IoTProjects/walkstick/lib/font-awesome/fonts/fontawesome-webfont3e6e.woff2]
[projectsiot.xyz/IoTProjects/walkstick/lib/font-awesome/fonts/fontawesome-webfont3e6e.woff]
[projectsiot.xyz/IoTProjects/walkstick/lib/font-awesome/fonts/fontawesome-webfont3e6e.ttf]
[projectsiot.xyz/IoTProjects/walkstick/lib/font-awesome/css/font-awesome.min.css]
[projectsiot.xyz/IoTProjects/walkstick/lib/animate/animate.min.css]
[projectsiot.xyz/IoTProjects/walkstick/lib/modal-video/css/modal-video.min.css]
[projectsiot.xyz/IoTProjects/walkstick/img/hero-bg.png]
[projectsiot.xyz/IoTProjects/walkstick/css/style.css]
[projectsiot.xyz/IoTProjects/walkstick/lib/font-awesome/fonts/fontawesome-webfont3e6e.svg]
[projectsiot.xyz/IoTProjects/walkstick/img/video-bg.html]
[projectsiot.xyz/IoTProjects/walkstick/img/newsletter-bg.html]
